// Jest Snapshot v1, https://goo.gl/fbAQLP

exports[`testing my pokemon 1`] = `
<p>
  Name: 
  butterfree
</p>
`;
