// Jest Snapshot v1, https://goo.gl/fbAQLP

exports[`testing my sort 1`] = `
Array [
  <select
    aria-label="sort"
  >
    <option
      value="asc"
    >
      ascending
    </option>
    <option
      value="desc"
    >
      descending
    </option>
  </select>,
]
`;
