// Jest Snapshot v1, https://goo.gl/fbAQLP

exports[`testing my lists 1`] = `
<ul
  aria-label="list"
>
  <li>
    <div>
      <img
        alt="poke"
      />
      <p>
        Name: 
        butterfree
      </p>
      <p>
        HP: 
        60
      </p>
      <p>
        Height: 
        11
      </p>
      <p>
        Attack: 
        45
      </p>
      <p>
        Defense: 
        50
      </p>
    </div>
  </li>
  <li>
    <div>
      <img
        alt="poke"
      />
      <p>
        Name: 
        venusaur-mega
      </p>
      <p>
        HP: 
        80
      </p>
      <p>
        Height: 
        24
      </p>
      <p>
        Attack: 
        100
      </p>
      <p>
        Defense: 
        123
      </p>
    </div>
  </li>
</ul>
`;
